Archive member included to satisfy reference by file (symbol)

C:/ST/STM32CubeIDE_1.7.0/STM32CubeIDE/plugins/com.st.stm32cube.ide.mcu.externaltools.gnu-tools-for-stm32.12.3.rel1.win32_1.1.0.202410251130/tools/bin/../lib/gcc/arm-none-eabi/12.3.1/../../../../arm-none-eabi/lib/thumb/v7-m/nofp\libc_nano.a(libc_a-exit.o)
                              C:/ST/STM32CubeIDE_1.7.0/STM32CubeIDE/plugins/com.st.stm32cube.ide.mcu.externaltools.gnu-tools-for-stm32.12.3.rel1.win32_1.1.0.202410251130/tools/bin/../lib/gcc/arm-none-eabi/12.3.1/../../../../arm-none-eabi/lib/thumb/v7-m/nofp/crt0.o (exit)
C:/ST/STM32CubeIDE_1.7.0/STM32CubeIDE/plugins/com.st.stm32cube.ide.mcu.externaltools.gnu-tools-for-stm32.12.3.rel1.win32_1.1.0.202410251130/tools/bin/../lib/gcc/arm-none-eabi/12.3.1/../../../../arm-none-eabi/lib/thumb/v7-m/nofp\libc_nano.a(libc_a-findfp.o)
                              C:/ST/STM32CubeIDE_1.7.0/STM32CubeIDE/plugins/com.st.stm32cube.ide.mcu.externaltools.gnu-tools-for-stm32.12.3.rel1.win32_1.1.0.202410251130/tools/bin/../lib/gcc/arm-none-eabi/12.3.1/../../../../arm-none-eabi/lib/thumb/v7-m/nofp\libc_nano.a(libc_a-exit.o) (__stdio_exit_handler)
C:/ST/STM32CubeIDE_1.7.0/STM32CubeIDE/plugins/com.st.stm32cube.ide.mcu.externaltools.gnu-tools-for-stm32.12.3.rel1.win32_1.1.0.202410251130/tools/bin/../lib/gcc/arm-none-eabi/12.3.1/../../../../arm-none-eabi/lib/thumb/v7-m/nofp\libc_nano.a(libc_a-fwalk.o)
                              C:/ST/STM32CubeIDE_1.7.0/STM32CubeIDE/plugins/com.st.stm32cube.ide.mcu.externaltools.gnu-tools-for-stm32.12.3.rel1.win32_1.1.0.202410251130/tools/bin/../lib/gcc/arm-none-eabi/12.3.1/../../../../arm-none-eabi/lib/thumb/v7-m/nofp\libc_nano.a(libc_a-findfp.o) (_fwalk_sglue)
C:/ST/STM32CubeIDE_1.7.0/STM32CubeIDE/plugins/com.st.stm32cube.ide.mcu.externaltools.gnu-tools-for-stm32.12.3.rel1.win32_1.1.0.202410251130/tools/bin/../lib/gcc/arm-none-eabi/12.3.1/../../../../arm-none-eabi/lib/thumb/v7-m/nofp\libc_nano.a(libc_a-stdio.o)
                              C:/ST/STM32CubeIDE_1.7.0/STM32CubeIDE/plugins/com.st.stm32cube.ide.mcu.externaltools.gnu-tools-for-stm32.12.3.rel1.win32_1.1.0.202410251130/tools/bin/../lib/gcc/arm-none-eabi/12.3.1/../../../../arm-none-eabi/lib/thumb/v7-m/nofp\libc_nano.a(libc_a-findfp.o) (__sread)
C:/ST/STM32CubeIDE_1.7.0/STM32CubeIDE/plugins/com.st.stm32cube.ide.mcu.externaltools.gnu-tools-for-stm32.12.3.rel1.win32_1.1.0.202410251130/tools/bin/../lib/gcc/arm-none-eabi/12.3.1/../../../../arm-none-eabi/lib/thumb/v7-m/nofp\libc_nano.a(libc_a-memset.o)
                              C:/ST/STM32CubeIDE_1.7.0/STM32CubeIDE/plugins/com.st.stm32cube.ide.mcu.externaltools.gnu-tools-for-stm32.12.3.rel1.win32_1.1.0.202410251130/tools/bin/../lib/gcc/arm-none-eabi/12.3.1/../../../../arm-none-eabi/lib/thumb/v7-m/nofp/crt0.o (memset)
C:/ST/STM32CubeIDE_1.7.0/STM32CubeIDE/plugins/com.st.stm32cube.ide.mcu.externaltools.gnu-tools-for-stm32.12.3.rel1.win32_1.1.0.202410251130/tools/bin/../lib/gcc/arm-none-eabi/12.3.1/../../../../arm-none-eabi/lib/thumb/v7-m/nofp\libc_nano.a(libc_a-closer.o)
                              C:/ST/STM32CubeIDE_1.7.0/STM32CubeIDE/plugins/com.st.stm32cube.ide.mcu.externaltools.gnu-tools-for-stm32.12.3.rel1.win32_1.1.0.202410251130/tools/bin/../lib/gcc/arm-none-eabi/12.3.1/../../../../arm-none-eabi/lib/thumb/v7-m/nofp\libc_nano.a(libc_a-stdio.o) (_close_r)
C:/ST/STM32CubeIDE_1.7.0/STM32CubeIDE/plugins/com.st.stm32cube.ide.mcu.externaltools.gnu-tools-for-stm32.12.3.rel1.win32_1.1.0.202410251130/tools/bin/../lib/gcc/arm-none-eabi/12.3.1/../../../../arm-none-eabi/lib/thumb/v7-m/nofp\libc_nano.a(libc_a-reent.o)
                              C:/ST/STM32CubeIDE_1.7.0/STM32CubeIDE/plugins/com.st.stm32cube.ide.mcu.externaltools.gnu-tools-for-stm32.12.3.rel1.win32_1.1.0.202410251130/tools/bin/../lib/gcc/arm-none-eabi/12.3.1/../../../../arm-none-eabi/lib/thumb/v7-m/nofp\libc_nano.a(libc_a-closer.o) (errno)
C:/ST/STM32CubeIDE_1.7.0/STM32CubeIDE/plugins/com.st.stm32cube.ide.mcu.externaltools.gnu-tools-for-stm32.12.3.rel1.win32_1.1.0.202410251130/tools/bin/../lib/gcc/arm-none-eabi/12.3.1/../../../../arm-none-eabi/lib/thumb/v7-m/nofp\libc_nano.a(libc_a-impure.o)
                              C:/ST/STM32CubeIDE_1.7.0/STM32CubeIDE/plugins/com.st.stm32cube.ide.mcu.externaltools.gnu-tools-for-stm32.12.3.rel1.win32_1.1.0.202410251130/tools/bin/../lib/gcc/arm-none-eabi/12.3.1/../../../../arm-none-eabi/lib/thumb/v7-m/nofp\libc_nano.a(libc_a-reent.o) (_impure_ptr)
C:/ST/STM32CubeIDE_1.7.0/STM32CubeIDE/plugins/com.st.stm32cube.ide.mcu.externaltools.gnu-tools-for-stm32.12.3.rel1.win32_1.1.0.202410251130/tools/bin/../lib/gcc/arm-none-eabi/12.3.1/../../../../arm-none-eabi/lib/thumb/v7-m/nofp\libc_nano.a(libc_a-lseekr.o)
[...]
Memory Configuration

Name             Origin             Length             Attributes
RAM              0x20000000         0x00002800         xrw
FLASH            0x08000000         0x00008000         xr
*default*        0x00000000         0xffffffff

Linker script and memory map

LOAD C:/ST/STM32CubeIDE_1.7.0/STM32CubeIDE/plugins/com.st.stm32cube.ide.mcu.externaltools.gnu-tools-for-stm32.12.3.rel1.win32_1.1.0.202410251130/tools/bin/../lib/gcc/arm-none-eabi/12.3.1/thumb/v7-m/nofp/crti.o
LOAD C:/ST/STM32CubeIDE_1.7.0/STM32CubeIDE/plugins/com.st.stm32cube.ide.mcu.externaltools.gnu-tools-for-stm32.12.3.rel1.win32_1.1.0.202410251130/tools/bin/../lib/gcc/arm-none-eabi/12.3.1/thumb/v7-m/nofp/crtbegin.o
LOAD C:/ST/STM32CubeIDE_1.7.0/STM32CubeIDE/plugins/com.st.stm32cube.ide.mcu.externaltools.gnu-tools-for-stm32.12.3.rel1.win32_1.1.0.202410251130/tools/bin/../lib/gcc/arm-none-eabi/12.3.1/../../../../arm-none-eabi/lib/thumb/v7-m/nofp/crt0.o
LOAD ./Core/Src/BUTTON.o
LOAD ./Core/Src/display.o
LOAD ./Core/Src/fsmfortraffic.o
LOAD ./Core/Src/input_processing.o
LOAD ./Core/Src/input_reading.o
LOAD ./Core/Src/main.o
LOAD ./Core/Src/software_timer.o
LOAD ./Core/Src/stm32f1xx_hal_msp.o
LOAD ./Core/Src/stm32f1xx_it.o
LOAD ./Core/Src/syscalls.o
LOAD ./Core/Src/sysmem.o
LOAD ./Core/Src/system_stm32f1xx.o
LOAD ./Core/Src/timer.o
LOAD ./Core/Startup/startup_stm32f103c6ux.o
LOAD ./Drivers/STM32F1xx_HAL_Driver/Src/stm32f1xx_hal.o
LOAD ./Drivers/STM32F1xx_HAL_Driver/Src/stm32f1xx_hal_cortex.o
LOAD ./Drivers/STM32F1xx_HAL_Driver/Src/stm32f1xx_hal_dma.o
LOAD ./Drivers/STM32F1xx_HAL_Driver/Src/stm32f1xx_hal_exti.o
LOAD ./Drivers/STM32F1xx_HAL_Driver/Src/stm32f1xx_hal_flash.o
LOAD ./Drivers/STM32F1xx_HAL_Driver/Src/stm32f1xx_hal_flash_ex.o
LOAD ./Drivers/STM32F1xx_HAL_Driver/Src/stm32f1xx_hal_gpio.o
LOAD ./Drivers/STM32F1xx_HAL_Driver/Src/stm32f1xx_hal_gpio_ex.o
LOAD ./Drivers/STM32F1xx_HAL_Driver/Src/stm32f1xx_hal_pwr.o
LOAD ./Drivers/STM32F1xx_HAL_Driver/Src/stm32f1xx_hal_rcc.o
LOAD ./Drivers/STM32F1xx_HAL_Driver/Src/stm32f1xx_hal_rcc_ex.o
LOAD ./Drivers/STM32F1xx_HAL_Driver/Src/stm32f1xx_hal_tim.o
LOAD ./Drivers/STM32F1xx_HAL_Driver/Src/stm32f1xx_hal_tim_ex.o
START GROUP
LOAD C:/ST/STM32CubeIDE_1.7.0/STM32CubeIDE/plugins/com.st.stm32cube.ide.mcu.externaltools.gnu-tools-for-stm32.12.3.rel1.win32_1.1.0.202410251130/tools/bin/../lib/gcc/arm-none-eabi/12.3.1/../../../../arm-none-eabi/lib/thumb/v7-m/nofp\libc_nano.a
LOAD C:/ST/STM32CubeIDE_1.7.0/STM32CubeIDE/plugins/com.st.stm32cube.ide.mcu.externaltools.gnu-tools-for-stm32.12.3.rel1.win32_1.1.0.202410251130/tools/bin/../lib/gcc/arm-none-eabi/12.3.1/../../../../arm-none-eabi/lib/thumb/v7-m/nofp\libm.a
END GROUP
START GROUP
LOAD C:/ST/STM32CubeIDE_1.7.0/STM32CubeIDE/plugins/com.st.stm32cube.ide.mcu.externaltools.gnu-tools-for-stm32.12.3.rel1.win32_1.1.0.202410251130/tools/bin/../lib/gcc/arm-none-eabi/12.3.1/thumb/v7-m/nofp\libgcc.a
LOAD C:/ST/STM32CubeIDE_1.7.0/STM32CubeIDE/plugins/com.st.stm32cube.ide.mcu.externaltools.gnu-tools-for-stm32.12.3.rel1.win32_1.1.0.202410251130/tools/bin/../lib/gcc/arm-none-eabi/12.3.1/../../../../arm-none-eabi/lib/thumb/v7-m/nofp\libc_nano.a
END GROUP
START GROUP
LOAD C:/ST/STM32CubeIDE_1.7.0/STM32CubeIDE/plugins/com.st.stm32cube.ide.mcu.externaltools.gnu-tools-for-stm32.12.3.rel1.win32_1.1.0.202410251130/tools/bin/../lib/gcc/arm-none-eabi/12.3.1/thumb/v7-m/nofp\libgcc.a
LOAD C:/ST/STM32CubeIDE_1.7.0/STM32CubeIDE/plugins/com.st.stm32cube.ide.mcu.externaltools.gnu-tools-for-stm32.12.3.rel1.win32_1.1.0.202410251130/tools/bin/../lib/gcc/arm-none-eabi/12.3.1/../../../../arm-none-eabi/lib/thumb/v7-m/nofp\libc_nano.a
LOAD C:/ST/STM32CubeIDE_1.7.0/STM32CubeIDE/plugins/com.st.stm32cube.ide.mcu.externaltools.gnu-tools-for-stm32.12.3.rel1.win32_1.1.0.202410251130/tools/bin/../lib/gcc/arm-none-eabi/12.3.1/../../../../arm-none-eabi/lib/thumb/v7-m/nofp\libnosys.a
END GROUP
START GROUP
LOAD C:/ST/STM32CubeIDE_1.7.0/STM32CubeIDE/plugins/com.st.stm32cube.ide.mcu.externaltools.gnu-tools-for-stm32.12.3.rel1.win32_1.1.0.202410251130/tools/bin/../lib/gcc/arm-none-eabi/12.3.1/thumb/v7-m/nofp\libgcc.a
LOAD C:/ST/STM32CubeIDE_1.7.0/STM32CubeIDE/plugins/com.st.stm32cube.ide.mcu.externaltools.gnu-tools-for-stm32.12.3.rel1.win32_1.1.0.202410251130/tools/bin/../lib/gcc/arm-none-eabi/12.3.1/../../../../arm-none-eabi/lib/thumb/v7-m/nofp\libc_nano.a
LOAD C:/ST/STM32CubeIDE_1.7.0/STM32CubeIDE/plugins/com.st.stm32cube.ide.mcu.externaltools.gnu-tools-for-stm32.12.3.rel1.win32_1.1.0.202410251130/tools/bin/../lib/gcc/arm-none-eabi/12.3.1/../../../../arm-none-eabi/lib/thumb/v7-m/nofp\libnosys.a
END GROUP
LOAD C:/ST/STM32CubeIDE_1.7.0/STM32CubeIDE/plugins/com.st.stm32cube.ide.mcu.externaltools.gnu-tools-for-stm32.12.3.rel1.win32_1.1.0.202410251130/tools/bin/../lib/gcc/arm-none-eabi/12.3.1/thumb/v7-m/nofp/crtend.o
LOAD C:/ST/STM32CubeIDE_1.7.0/STM32CubeIDE/plugins/com.st.stm32cube.ide.mcu.externaltools.gnu-tools-for-stm32.12.3.rel1.win32_1.1.0.202410251130/tools/bin/../lib/gcc/arm-none-eabi/12.3.1/thumb/v7-m/nofp/crtn.o
                0x20002800                        _estack = (ORIGIN (RAM) + LENGTH (RAM))
                0x00000200                        _Min_Heap_Size = 0x200
                0x00000400                        _Min_Stack_Size = 0x400

.isr_vector     0x08000000      0x10c
                0x08000000                        . = ALIGN (0x4)
 *(.isr_vector)
 .isr_vector    0x08000000      0x10c ./Core/Startup/startup_stm32f103c6ux.o
                0x08000000                g_pfnVectors
                0x0800010c                        . = ALIGN (0x4)

.text           0x0800010c     0x2580
                0x0800010c                        . = ALIGN (0x4)
 *(.text)
 .text          0x0800010c       0x40 C:/ST/STM32CubeIDE_1.7.0/STM32CubeIDE/plugins/com.st.stm32cube.ide.mcu.externaltools.gnu-tools-for-stm32.12.3.rel1.win32_1.1.0.202410251130/tools/bin/../lib/gcc/arm-none-eabi/12.3.1/thumb/v7-m/nofp/crtbegin.o
 *(.text*)
 .text.subKeyProcess
                0x0800014c       0x20 ./Core/Src/BUTTON.o
                0x0800014c                subKeyProcess
 .text.isButtonPressed
                0x0800016c       0x34 ./Core/Src/BUTTON.o
                0x0800016c                isButtonPressed
 .text.getKeyInput
                0x080001a0      0x108 ./Core/Src/BUTTON.o
                0x080001a0                getKeyInput
 .text.display7SEG
                0x080002a8       0x28 ./Core/Src/display.o
                0x080002a8                display7SEG
 .text.update7SEG
                0x080002d0      0x12c ./Core/Src/display.o
                0x080002d0                update7SEG
 .text.update7SegBuffer
                0x080003fc       0x9c ./Core/Src/display.o
                0x080003fc                update7SegBuffer
 .text.clearAllLight
                0x08000498       0x4c ./Core/Src/display.o
                0x08000498                clearAllLight
 .text.turnOnAllLight
                0x080004e4       0x4c ./Core/Src/display.o
                0x080004e4                turnOnAllLight
 .text.FsmForTrafficLight
                0x08000530      0x5b8 ./Core/Src/fsmfortraffic.o
                0x08000530                FsmForTrafficLight
 .text.button_reading
                0x08000ae8       0xc4 ./Core/Src/input_reading.o
                0x08000ae8                button_reading
 .text.main     0x08000bac       0x84 ./Core/Src/main.o
                0x08000bac                main
 .text.SystemClock_Config
                0x08000c30       0x76 ./Core/Src/main.o
                0x08000c30                SystemClock_Config
 *fill*         0x08000ca6        0x2 
 .text.MX_TIM2_Init
                0x08000ca8       0x98 ./Core/Src/main.o
 .text.MX_GPIO_Init
                0x08000d40       0xc0 ./Core/Src/main.o
 .text.HAL_TIM_PeriodElapsedCallback
                0x08000e00       0x26 ./Core/Src/main.o
                0x08000e00                HAL_TIM_PeriodElapsedCallback
 .text.Error_Handler
                0x08000e26        0xc ./Core/Src/main.o
                0x08000e26                Error_Handler
 *fill*         0x08000e32        0x2 
 .text.setTimer
                0x08000e34       0x3c ./Core/Src/software_timer.o
                0x08000e34                setTimer
 .text.timer_run
                0x08000e70       0x60 ./Core/Src/software_timer.o
                0x08000e70                timer_run
 .text.HAL_MspInit
                0x08000ed0       0x64 ./Core/Src/stm32f1xx_hal_msp.o
                0x08000ed0                HAL_MspInit
 .text.HAL_TIM_Base_MspInit
                0x08000f34       0x48 ./Core/Src/stm32f1xx_hal_msp.o
                0x08000f34                HAL_TIM_Base_MspInit
 .text.NMI_Handler
                0x08000f7c        0x8 ./Core/Src/stm32f1xx_it.o
                0x08000f7c                NMI_Handler
 .text.HardFault_Handler
                0x08000f84        0x8 ./Core/Src/stm32f1xx_it.o
                0x08000f84                HardFault_Handler
 .text.MemManage_Handler
                0x08000f8c        0x8 ./Core/Src/stm32f1xx_it.o
                0x08000f8c                MemManage_Handler
 .text.BusFault_Handler
                0x08000f94        0x8 ./Core/Src/stm32f1xx_it.o
                0x08000f94                BusFault_Handler
 .text.UsageFault_Handler
                0x08000f9c        0x8 ./Core/Src/stm32f1xx_it.o
                0x08000f9c                UsageFault_Handler
 .text.SVC_Handler
                0x08000fa4        0xc ./Core/Src/stm32f1xx_it.o
                0x08000fa4                SVC_Handler
 .text.DebugMon_Handler
                0x08000fb0        0xc ./Core/Src/stm32f1xx_it.o
                0x08000fb0                DebugMon_Handler
 .text.PendSV_Handler
                0x08000fbc        0xc ./Core/Src/stm32f1xx_it.o
                0x08000fbc                PendSV_Handler
 .text.SysTick_Handler
                0x08000fc8        0xc ./Core/Src/stm32f1xx_it.o
                0x08000fc8                SysTick_Handler
 .text.TIM2_IRQHandler
                0x08000fd4       0x14 ./Core/Src/stm32f1xx_it.o
                0x08000fd4                TIM2_IRQHandler
 .text.SystemInit
                0x08000fe8        0xc ./Core/Src/system_stm32f1xx.o
                0x08000fe8                SystemInit
 .text.Reset_Handler
                0x08000ff4       0x48 ./Core/Startup/startup_stm32f103c6ux.o
                0x08000ff4                Reset_Handler
 .text.Default_Handler
                0x0800103c        0x2 ./Core/Startup/startup_stm32f103c6ux.o
                0x0800103c                RTC_Alarm_IRQHandler
                0x0800103c                EXTI2_IRQHandler
                0x0800103c                TIM1_CC_IRQHandler
                0x0800103c                PVD_IRQHandler
                0x0800103c                EXTI3_IRQHandler
                0x0800103c                EXTI0_IRQHandler
                0x0800103c                ADC1_2_IRQHandler
                0x0800103c                SPI1_IRQHandler
                0x0800103c                TAMPER_IRQHandler
                0x0800103c                DMA1_Channel4_IRQHandler
                0x0800103c                RTC_IRQHandler
                0x0800103c                DMA1_Channel7_IRQHandler
                0x0800103c                CAN1_RX1_IRQHandler
                0x0800103c                I2C1_EV_IRQHandler
                0x0800103c                DMA1_Channel6_IRQHandler
                0x0800103c                TIM3_IRQHandler
                0x0800103c                RCC_IRQHandler
                0x0800103c                TIM1_TRG_COM_IRQHandler
                0x0800103c                DMA1_Channel1_IRQHandler
                0x0800103c                Default_Handler
                0x0800103c                EXTI15_10_IRQHandler
                0x0800103c                EXTI9_5_IRQHandler
                0x0800103c                DMA1_Channel5_IRQHandler
                0x0800103c                EXTI4_IRQHandler
                0x0800103c                USB_LP_CAN1_RX0_IRQHandler
                0x0800103c                USB_HP_CAN1_TX_IRQHandler
                0x0800103c                DMA1_Channel3_IRQHandler
                0x0800103c                TIM1_UP_IRQHandler
                0x0800103c                WWDG_IRQHandler
                0x0800103c                TIM1_BRK_IRQHandler
                0x0800103c                EXTI1_IRQHandler
                0x0800103c                USART2_IRQHandler
                0x0800103c                DMA1_Channel2_IRQHandler
                0x0800103c                CAN1_SCE_IRQHandler
                0x0800103c                FLASH_IRQHandler
                0x0800103c                USART1_IRQHandler
                0x0800103c                I2C1_ER_IRQHandler
                0x0800103c                USBWakeUp_IRQHandler
 *fill*         0x0800103e        0x2 
 .text.HAL_Init
                0x08001040       0x2c ./Drivers/STM32F1xx_HAL_Driver/Src/stm32f1xx_hal.o
                0x08001040                HAL_Init
 .text.HAL_InitTick
                0x0800106c       0x60 ./Drivers/STM32F1xx_HAL_Driver/Src/stm32f1xx_hal.o
                0x0800106c                HAL_InitTick
 .text.HAL_IncTick
                0x080010cc       0x24 ./Drivers/STM32F1xx_HAL_Driver/Src/stm32f1xx_hal.o
                0x080010cc                HAL_IncTick
 .text.HAL_GetTick
                0x080010f0       0x14 ./Drivers/STM32F1xx_HAL_Driver/Src/stm32f1xx_hal.o
                0x080010f0                HAL_GetTick
 .text.__NVIC_SetPriorityGrouping
                0x08001104       0x48 ./Drivers/STM32F1xx_HAL_Driver/Src/stm32f1xx_hal_cortex.o
 .text.__NVIC_GetPriorityGrouping
                0x0800114c       0x1c ./Drivers/STM32F1xx_HAL_Driver/Src/stm32f1xx_hal_cortex.o
 .text.__NVIC_EnableIRQ
                0x08001168       0x38 ./Drivers/STM32F1xx_HAL_Driver/Src/stm32f1xx_hal_cortex.o
 .text.__NVIC_SetPriority
                0x080011a0       0x54 ./Drivers/STM32F1xx_HAL_Driver/Src/stm32f1xx_hal_cortex.o
 .text.NVIC_EncodePriority
                0x080011f4       0x64 ./Drivers/STM32F1xx_HAL_Driver/Src/stm32f1xx_hal_cortex.o
 .text.SysTick_Config
                0x08001258       0x44 ./Drivers/STM32F1xx_HAL_Driver/Src/stm32f1xx_hal_cortex.o
 .text.HAL_NVIC_SetPriorityGrouping
                0x0800129c       0x16 ./Drivers/STM32F1xx_HAL_Driver/Src/stm32f1xx_hal_cortex.o
                0x0800129c                HAL_NVIC_SetPriorityGrouping
 .text.HAL_NVIC_SetPriority
                0x080012b2       0x38 ./Drivers/STM32F1xx_HAL_Driver/Src/stm32f1xx_hal_cortex.o
                0x080012b2                HAL_NVIC_SetPriority
 .text.HAL_NVIC_EnableIRQ
                0x080012ea       0x1c ./Drivers/STM32F1xx_HAL_Driver/Src/stm32f1xx_hal_cortex.o
                0x080012ea                HAL_NVIC_EnableIRQ
 .text.HAL_SYSTICK_Config
                0x08001306       0x18 ./Drivers/STM32F1xx_HAL_Driver/Src/stm32f1xx_hal_cortex.o
                0x08001306                HAL_SYSTICK_Config
 *fill*         0x0800131e        0x2 
 .text.HAL_GPIO_Init
                0x08001320      0x2f8 ./Drivers/STM32F1xx_HAL_Driver/Src/stm32f1xx_hal_gpio.o
                0x08001320                HAL_GPIO_Init
 .text.HAL_GPIO_ReadPin
                0x08001618       0x2e ./Drivers/STM32F1xx_HAL_Driver/Src/stm32f1xx_hal_gpio.o
                0x08001618                HAL_GPIO_ReadPin
 .text.HAL_GPIO_WritePin
                0x08001646       0x30 ./Drivers/STM32F1xx_HAL_Driver/Src/stm32f1xx_hal_gpio.o
                0x08001646                HAL_GPIO_WritePin
 .text.HAL_GPIO_TogglePin
                0x08001676       0x32 ./Drivers/STM32F1xx_HAL_Driver/Src/stm32f1xx_hal_gpio.o
                0x08001676                HAL_GPIO_TogglePin
 .text.HAL_RCC_OscConfig
                0x080016a8      0x504 ./Drivers/STM32F1xx_HAL_Driver/Src/stm32f1xx_hal_rcc.o
                0x080016a8                HAL_RCC_OscConfig
 .text.HAL_RCC_ClockConfig
                0x08001bac      0x1d4 ./Drivers/STM32F1xx_HAL_Driver/Src/stm32f1xx_hal_rcc.o
                0x08001bac                HAL_RCC_ClockConfig
 .text.HAL_RCC_GetSysClockFreq
                0x08001d80       0xa8 ./Drivers/STM32F1xx_HAL_Driver/Src/stm32f1xx_hal_rcc.o
                0x08001d80                HAL_RCC_GetSysClockFreq
 .text.RCC_Delay
                0x08001e28       0x3c ./Drivers/STM32F1xx_HAL_Driver/Src/stm32f1xx_hal_rcc.o
 .text.HAL_TIM_Base_Init
                0x08001e64       0x9e ./Drivers/STM32F1xx_HAL_Driver/Src/stm32f1xx_hal_tim.o
                0x08001e64                HAL_TIM_Base_Init
 *fill*         0x08001f02        0x2 
 .text.HAL_TIM_Base_Start_IT
                0x08001f04       0x98 ./Drivers/STM32F1xx_HAL_Driver/Src/stm32f1xx_hal_tim.o
                0x08001f04                HAL_TIM_Base_Start_IT
 .text.HAL_TIM_IRQHandler
                0x08001f9c      0x1e0 ./Drivers/STM32F1xx_HAL_Driver/Src/stm32f1xx_hal_tim.o
                0x08001f9c                HAL_TIM_IRQHandler
 .text.HAL_TIM_ConfigClockSource
                0x0800217c      0x18e ./Drivers/STM32F1xx_HAL_Driver/Src/stm32f1xx_hal_tim.o
                0x0800217c                HAL_TIM_ConfigClockSource
 .text.HAL_TIM_OC_DelayElapsedCallback
                0x0800230a       0x12 ./Drivers/STM32F1xx_HAL_Driver/Src/stm32f1xx_hal_tim.o
                0x0800230a                HAL_TIM_OC_DelayElapsedCallback
 .text.HAL_TIM_IC_CaptureCallback
                0x0800231c       0x12 ./Drivers/STM32F1xx_HAL_Driver/Src/stm32f1xx_hal_tim.o
                0x0800231c                HAL_TIM_IC_CaptureCallback
 .text.HAL_TIM_PWM_PulseFinishedCallback
                0x0800232e       0x12 ./Drivers/STM32F1xx_HAL_Driver/Src/stm32f1xx_hal_tim.o
                0x0800232e                HAL_TIM_PWM_PulseFinishedCallback
 .text.HAL_TIM_TriggerCallback
                0x08002340       0x12 ./Drivers/STM32F1xx_HAL_Driver/Src/stm32f1xx_hal_tim.o
                0x08002340                HAL_TIM_TriggerCallback
 *fill*         0x08002352        0x2 
 .text.TIM_Base_SetConfig
                0x08002354       0xc8 ./Drivers/STM32F1xx_HAL_Driver/Src/stm32f1xx_hal_tim.o
                0x08002354                TIM_Base_SetConfig
 .text.TIM_TI1_ConfigInputStage
                0x0800241c       0x5c ./Drivers/STM32F1xx_HAL_Driver/Src/stm32f1xx_hal_tim.o
 .text.TIM_TI2_ConfigInputStage
                0x08002478       0x5e ./Drivers/STM32F1xx_HAL_Driver/Src/stm32f1xx_hal_tim.o
 .text.TIM_ITRx_SetConfig
                0x080024d6       0x34 ./Drivers/STM32F1xx_HAL_Driver/Src/stm32f1xx_hal_tim.o
 .text.TIM_ETR_SetConfig
                0x0800250a       0x3e ./Drivers/STM32F1xx_HAL_Driver/Src/stm32f1xx_hal_tim.o
                0x0800250a                TIM_ETR_SetConfig
 .text.HAL_TIMEx_MasterConfigSynchronization
                0x08002548       0xb0 ./Drivers/STM32F1xx_HAL_Driver/Src/stm32f1xx_hal_tim_ex.o
                0x08002548                HAL_TIMEx_MasterConfigSynchronization
 .text.HAL_TIMEx_CommutCallback
                0x080025f8       0x12 ./Drivers/STM32F1xx_HAL_Driver/Src/stm32f1xx_hal_tim_ex.o
                0x080025f8                HAL_TIMEx_CommutCallback
 .text.HAL_TIMEx_BreakCallback
                0x0800260a       0x12 ./Drivers/STM32F1xx_HAL_Driver/Src/stm32f1xx_hal_tim_ex.o
                0x0800260a                HAL_TIMEx_BreakCallback
 .text.memset   0x0800261c       0x10 C:/ST/STM32CubeIDE_1.7.0/STM32CubeIDE/plugins/com.st.stm32cube.ide.mcu.externaltools.gnu-tools-for-stm32.12.3.rel1.win32_1.1.0.202410251130/tools/bin/../lib/gcc/arm-none-eabi/12.3.1/../../../../arm-none-eabi/lib/thumb/v7-m/nofp\libc_nano.a(libc_a-memset.o)
                0x0800261c                memset
 .text.__libc_init_array
                0x0800262c       0x48 C:/ST/STM32CubeIDE_1.7.0/STM32CubeIDE/plugins/com.st.stm32cube.ide.mcu.externaltools.gnu-tools-for-stm32.12.3.rel1.win32_1.1.0.202410251130/tools/bin/../lib/gcc/arm-none-eabi/12.3.1/../../../../arm-none-eabi/lib/thumb/v7-m/nofp\libc_nano.a(libc_a-init.o)
                0x0800262c                __libc_init_array
 *(.glue_7)
 .glue_7        0x08002674        0x0 linker stubs
 *(.glue_7t)
 .glue_7t       0x08002674        0x0 linker stubs
 *(.eh_frame)
 .eh_frame      0x08002674        0x0 C:/ST/STM32CubeIDE_1.7.0/STM32CubeIDE/plugins/com.st.stm32cube.ide.mcu.externaltools.gnu-tools-for-stm32.12.3.rel1.win32_1.1.0.202410251130/tools/bin/../lib/gcc/arm-none-eabi/12.3.1/thumb/v7-m/nofp/crtbegin.o
 *(.init)
 .init          0x08002674        0x4 C:/ST/STM32CubeIDE_1.7.0/STM32CubeIDE/plugins/com.st.stm32cube.ide.mcu.externaltools.gnu-tools-for-stm32.12.3.rel1.win32_1.1.0.202410251130/tools/bin/../lib/gcc/arm-none-eabi/12.3.1/thumb/v7-m/nofp/crti.o
                0x08002674                _init
 .init          0x08002678        0x8 C:/ST/STM32CubeIDE_1.7.0/STM32CubeIDE/plugins/com.st.stm32cube.ide.mcu.externaltools.gnu-tools-for-stm32.12.3.rel1.win32_1.1.0.202410251130/tools/bin/../lib/gcc/arm-none-eabi/12.3.1/thumb/v7-m/nofp/crtn.o
 *(.fini)
 .fini          0x08002680        0x4 C:/ST/STM32CubeIDE_1.7.0/STM32CubeIDE/plugins/com.st.stm32cube.ide.mcu.externaltools.gnu-tools-for-stm32.12.3.rel1.win32_1.1.0.202410251130/tools/bin/../lib/gcc/arm-none-eabi/12.3.1/thumb/v7-m/nofp/crti.o
                0x08002680                _fini
 .fini          0x08002684        0x8 C:/ST/STM32CubeIDE_1.7.0/STM32CubeIDE/plugins/com.st.stm32cube.ide.mcu.externaltools.gnu-tools-for-stm32.12.3.rel1.win32_1.1.0.202410251130/tools/bin/../lib/gcc/arm-none-eabi/12.3.1/thumb/v7-m/nofp/crtn.o
                0x0800268c                        . = ALIGN (0x4)
                0x0800268c                        _etext = .

.vfp11_veneer   0x0800268c        0x0
 .vfp11_veneer  0x0800268c        0x0 linker stubs

.v4_bx          0x0800268c        0x0
 .v4_bx         0x0800268c        0x0 linker stubs

.iplt           0x0800268c        0x0
 .iplt          0x0800268c        0x0 C:/ST/STM32CubeIDE_1.7.0/STM32CubeIDE/plugins/com.st.stm32cube.ide.mcu.externaltools.gnu-tools-for-stm32.12.3.rel1.win32_1.1.0.202410251130/tools/bin/../lib/gcc/arm-none-eabi/12.3.1/thumb/v7-m/nofp/crtbegin.o

.rodata         0x0800268c       0x24
                0x0800268c                        . = ALIGN (0x4)
 *(.rodata)
 *(.rodata*)
 .rodata.AHBPrescTable
                0x0800268c       0x10 ./Core/Src/system_stm32f1xx.o
                0x0800268c                AHBPrescTable
 .rodata.aPLLMULFactorTable.1
                0x0800269c       0x10 ./Drivers/STM32F1xx_HAL_Driver/Src/stm32f1xx_hal_rcc.o
 .rodata.aPredivFactorTable.0
                0x080026ac        0x2 ./Drivers/STM32F1xx_HAL_Driver/Src/stm32f1xx_hal_rcc.o
                0x080026b0                        . = ALIGN (0x4)
 *fill*         0x080026ae        0x2 

.rel.dyn        0x080026b0        0x0
 .rel.iplt      0x080026b0        0x0 C:/ST/STM32CubeIDE_1.7.0/STM32CubeIDE/plugins/com.st.stm32cube.ide.mcu.externaltools.gnu-tools-for-stm32.12.3.rel1.win32_1.1.0.202410251130/tools/bin/../lib/gcc/arm-none-eabi/12.3.1/thumb/v7-m/nofp/crtbegin.o

.ARM.extab      0x080026b0        0x0
                0x080026b0                        . = ALIGN (0x4)
 *(.ARM.extab* .gnu.linkonce.armextab.*)
                0x080026b0                        . = ALIGN (0x4)

.ARM            0x080026b0        0x0
                0x080026b0                        . = ALIGN (0x4)
                0x080026b0                        __exidx_start = .
 *(.ARM.exidx*)
                0x080026b0                        __exidx_end = .
                0x080026b0                        . = ALIGN (0x4)

.preinit_array  0x080026b0        0x0
                0x080026b0                        . = ALIGN (0x4)
                0x080026b0                        PROVIDE (__preinit_array_start = .)
 *(.preinit_array*)
                0x080026b0                        PROVIDE (__preinit_array_end = .)
                0x080026b0                        . = ALIGN (0x4)

.init_array     0x080026b0        0x4
                0x080026b0                        . = ALIGN (0x4)
                0x080026b0                        PROVIDE (__init_array_start = .)
 *(SORT_BY_NAME(.init_array.*))
 *(.init_array*)
 .init_array    0x080026b0        0x4 C:/ST/STM32CubeIDE_1.7.0/STM32CubeIDE/plugins/com.st.stm32cube.ide.mcu.externaltools.gnu-tools-for-stm32.12.3.rel1.win32_1.1.0.202410251130/tools/bin/../lib/gcc/arm-none-eabi/12.3.1/thumb/v7-m/nofp/crtbegin.o
                0x080026b4                        PROVIDE (__init_array_end = .)
                0x080026b4                        . = ALIGN (0x4)

.fini_array     0x080026b4        0x4
                0x080026b4                        . = ALIGN (0x4)
                [!provide]                        PROVIDE (__fini_array_start = .)
 *(SORT_BY_NAME(.fini_array.*))
 *(.fini_array*)
 .fini_array    0x080026b4        0x4 C:/ST/STM32CubeIDE_1.7.0/STM32CubeIDE/plugins/com.st.stm32cube.ide.mcu.externaltools.gnu-tools-for-stm32.12.3.rel1.win32_1.1.0.202410251130/tools/bin/../lib/gcc/arm-none-eabi/12.3.1/thumb/v7-m/nofp/crtbegin.o
                [!provide]                        PROVIDE (__fini_array_end = .)
                0x080026b8                        . = ALIGN (0x4)
                0x080026b8                        _sidata = LOADADDR (.data)

.data           0x20000000       0x74 load address 0x080026b8
                0x20000000                        . = ALIGN (0x4)
                0x20000000                        _sdata = .
 *(.data)
 *(.data*)
 .data.KeyReg0  0x20000000        0xc ./Core/Src/BUTTON.o
                0x20000000                KeyReg0
 .data.KeyReg1  0x2000000c        0xc ./Core/Src/BUTTON.o
                0x2000000c                KeyReg1
 .data.KeyReg2  0x20000018        0xc ./Core/Src/BUTTON.o
                0x20000018                KeyReg2
 .data.KeyReg3  0x20000024        0xc ./Core/Src/BUTTON.o
                0x20000024                KeyReg3
 .data.TimeOutForKeyPress
                0x20000030        0x4 ./Core/Src/BUTTON.o
                0x20000030                TimeOutForKeyPress
 .data.NUM      0x20000034        0xa ./Core/Src/display.o
                0x20000034                NUM
 *fill*         0x2000003e        0x2 
 .data.value1   0x20000040        0x4 ./Core/Src/display.o
                0x20000040                value1
 .data.value2   0x20000044        0x4 ./Core/Src/display.o
                0x20000044                value2
 .data.led_buffer
                0x20000048       0x10 ./Core/Src/display.o
                0x20000048                led_buffer
 .data.timeForGreen
                0x20000058        0x4 ./Core/Src/fsmfortraffic.o
                0x20000058                timeForGreen
 .data.timeForYellow
                0x2000005c        0x4 ./Core/Src/fsmfortraffic.o
                0x2000005c                timeForYellow
 .data.timeForRed
                0x20000060        0x4 ./Core/Src/fsmfortraffic.o
                0x20000060                timeForRed
 .data.TIMER_CYCLE
                0x20000064        0x4 ./Core/Src/software_timer.o
                0x20000064                TIMER_CYCLE
 .data.SystemCoreClock
                0x20000068        0x4 ./Core/Src/system_stm32f1xx.o
                0x20000068                SystemCoreClock
 .data.uwTickPrio
                0x2000006c        0x4 ./Drivers/STM32F1xx_HAL_Driver/Src/stm32f1xx_hal.o
                0x2000006c                uwTickPrio
 .data.uwTickFreq
                0x20000070        0x1 ./Drivers/STM32F1xx_HAL_Driver/Src/stm32f1xx_hal.o
                0x20000070                uwTickFreq
 *(.RamFunc)
 *(.RamFunc*)
                0x20000074                        . = ALIGN (0x4)
 *fill*         0x20000071        0x3 
                0x20000074                        _edata = .

.igot.plt       0x20000074        0x0 load address 0x0800272c
 .igot.plt      0x20000074        0x0 C:/ST/STM32CubeIDE_1.7.0/STM32CubeIDE/plugins/com.st.stm32cube.ide.mcu.externaltools.gnu-tools-for-stm32.12.3.rel1.win32_1.1.0.202410251130/tools/bin/../lib/gcc/arm-none-eabi/12.3.1/thumb/v7-m/nofp/crtbegin.o
                0x20000074                        . = ALIGN (0x4)

.bss            0x20000074       0xb8 load address 0x0800272c
                0x20000074                        _sbss = .
                0x20000074                        __bss_start__ = _sbss
 *(.bss)
 .bss           0x20000074       0x1c C:/ST/STM32CubeIDE_1.7.0/STM32CubeIDE/plugins/com.st.stm32cube.ide.mcu.externaltools.gnu-tools-for-stm32.12.3.rel1.win32_1.1.0.202410251130/tools/bin/../lib/gcc/arm-none-eabi/12.3.1/thumb/v7-m/nofp/crtbegin.o
 *(.bss*)
 .bss.button1_flag
                0x20000090        0xc ./Core/Src/BUTTON.o
                0x20000090                button1_flag
 .bss.index_led
                0x2000009c        0x4 ./Core/Src/display.o
                0x2000009c                index_led
 .bss.status    0x200000a0        0x4 ./Core/Src/fsmfortraffic.o
                0x200000a0                status
 .bss.timeForGreen_tmp
                0x200000a4        0x4 ./Core/Src/fsmfortraffic.o
                0x200000a4                timeForGreen_tmp
 .bss.timeForYellow_tmp
                0x200000a8        0x4 ./Core/Src/fsmfortraffic.o
                0x200000a8                timeForYellow_tmp
 .bss.timeForRed_tmp
                0x200000ac        0x4 ./Core/Src/fsmfortraffic.o
                0x200000ac                timeForRed_tmp
 .bss.buttonBuffer
                0x200000b0        0x3 ./Core/Src/input_reading.o
 *fill*         0x200000b3        0x1 
 .bss.debounceButtonBuffer1
                0x200000b4        0x3 ./Core/Src/input_reading.o
 *fill*         0x200000b7        0x1 
 .bss.debounceButtonBuffer2
                0x200000b8        0x3 ./Core/Src/input_reading.o
 *fill*         0x200000bb        0x1 
 .bss.flagForButtonPress1s
                0x200000bc        0x3 ./Core/Src/input_reading.o
 *fill*         0x200000bf        0x1 
 .bss.counterForButtonPress1s
                0x200000c0        0x6 ./Core/Src/input_reading.o
 *fill*         0x200000c6        0x2 
 .bss.htim2     0x200000c8       0x48 ./Core/Src/main.o
                0x200000c8                htim2
 .bss.timer_flag
                0x20000110        0xc ./Core/Src/software_timer.o
                0x20000110                timer_flag
 .bss.timer_counter
                0x2000011c        0xc ./Core/Src/software_timer.o
                0x2000011c                timer_counter
 .bss.uwTick    0x20000128        0x4 ./Drivers/STM32F1xx_HAL_Driver/Src/stm32f1xx_hal.o
                0x20000128                uwTick
 *(COMMON)
                0x2000012c                        . = ALIGN (0x4)
                0x2000012c                        _ebss = .
                0x2000012c                        __bss_end__ = _ebss

._user_heap_stack
                0x2000012c      0x604 load address 0x0800272c
                0x20000130                        . = ALIGN (0x8)
 *fill*         0x2000012c        0x4 
                [!provide]                        PROVIDE (end = .)
                0x20000130                        PROVIDE (_end = .)
                0x20000330                        . = (. + _Min_Heap_Size)
 *fill*         0x20000130      0x200 
                0x20000730                        . = (. + _Min_Stack_Size)
 *fill*         0x20000330      0x400 
                0x20000730                        . = ALIGN (0x8)

/DISCARD/
 libc.a(*)
 libm.a(*)
 libgcc.a(*)

.ARM.attributes
                0x00000000       0x29
 *(.ARM.attributes)
 .ARM.attributes
                0x00000000       0x1d C:/ST/STM32CubeIDE_1.7.0/STM32CubeIDE/plugins/com.st.stm32cube.ide.mcu.externaltools.gnu-tools-for-stm32.12.3.rel1.win32_1.1.0.202410251130/tools/bin/../lib/gcc/arm-none-eabi/12.3.1/thumb/v7-m/nofp/crti.o
 .ARM.attributes
                0x0000001d       0x2d C:/ST/STM32CubeIDE_1.7.0/STM32CubeIDE/plugins/com.st.stm32cube.ide.mcu.externaltools.gnu-tools-for-stm32.12.3.rel1.win32_1.1.0.202410251130/tools/bin/../lib/gcc/arm-none-eabi/12.3.1/thumb/v7-m/nofp/crtbegin.o
 .ARM.attributes
                0x0000004a       0x2d ./Core/Src/BUTTON.o
 .ARM.attributes
                0x00000077       0x2d ./Core/Src/display.o
 .ARM.attributes
                0x000000a4       0x2d ./Core/Src/fsmfortraffic.o
 .ARM.attributes
                0x000000d1       0x2d ./Core/Src/input_reading.o
 .ARM.attributes
                0x000000fe       0x2d ./Core/Src/main.o
 .ARM.attributes
                0x0000012b       0x2d ./Core/Src/software_timer.o
 .ARM.attributes
                0x00000158       0x2d ./Core/Src/stm32f1xx_hal_msp.o
 .ARM.attributes
                0x00000185       0x2d ./Core/Src/stm32f1xx_it.o
 .ARM.attributes
                0x000001b2       0x2d ./Core/Src/system_stm32f1xx.o
 .ARM.attributes
                0x000001df       0x21 ./Core/Startup/startup_stm32f103c6ux.o
 .ARM.attributes
                0x00000200       0x2d ./Drivers/STM32F1xx_HAL_Driver/Src/stm32f1xx_hal.o
 .ARM.attributes
                0x0000022d       0x2d ./Drivers/STM32F1xx_HAL_Driver/Src/stm32f1xx_hal_cortex.o
 .ARM.attributes
                0x0000025a       0x2d ./Drivers/STM32F1xx_HAL_Driver/Src/stm32f1xx_hal_gpio.o
 .ARM.attributes
                0x00000287       0x2d ./Drivers/STM32F1xx_HAL_Driver/Src/stm32f1xx_hal_rcc.o
 .ARM.attributes
                0x000002b4       0x2d ./Drivers/STM32F1xx_HAL_Driver/Src/stm32f1xx_hal_tim.o
 .ARM.attributes
                0x000002e1       0x2d ./Drivers/STM32F1xx_HAL_Driver/Src/stm32f1xx_hal_tim_ex.o
 .ARM.attributes
                0x0000030e       0x2d C:/ST/STM32CubeIDE_1.7.0/STM32CubeIDE/plugins/com.st.stm32cube.ide.mcu.externaltools.gnu-tools-for-stm32.12.3.rel1.win32_1.1.0.202410251130/tools/bin/../lib/gcc/arm-none-eabi/12.3.1/../../../../arm-none-eabi/lib/thumb/v7-m/nofp\libc_nano.a(libc_a-memset.o)
 .ARM.attributes
                0x0000033b       0x2d C:/ST/STM32CubeIDE_1.7.0/STM32CubeIDE/plugins/com.st.stm32cube.ide.mcu.externaltools.gnu-tools-for-stm32.12.3.rel1.win32_1.1.0.202410251130/tools/bin/../lib/gcc/arm-none-eabi/12.3.1/../../../../arm-none-eabi/lib/thumb/v7-m/nofp\libc_nano.a(libc_a-init.o)
 .ARM.attributes
                0x00000368       0x1d C:/ST/STM32CubeIDE_1.7.0/STM32CubeIDE/plugins/com.st.stm32cube.ide.mcu.externaltools.gnu-tools-for-stm32.12.3.rel1.win32_1.1.0.202410251130/tools/bin/../lib/gcc/arm-none-eabi/12.3.1/thumb/v7-m/nofp/crtn.o
OUTPUT(STM32LAB3.elf elf32-littlearm)
LOAD linker stubs
LOAD C:/ST/STM32CubeIDE_1.7.0/STM32CubeIDE/plugins/com.st.stm32cube.ide.mcu.externaltools.gnu-tools-for-stm32.12.3.rel1.win32_1.1.0.202410251130/tools/bin/../lib/gcc/arm-none-eabi/12.3.1/../../../../arm-none-eabi/lib/thumb/v7-m/nofp\libc.a
LOAD C:/ST/STM32CubeIDE_1.7.0/STM32CubeIDE/plugins/com.st.stm32cube.ide.mcu.externaltools.gnu-tools-for-stm32.12.3.rel1.win32_1.1.0.202410251130/tools/bin/../lib/gcc/arm-none-eabi/12.3.1/../../../../arm-none-eabi/lib/thumb/v7-m/nofp\libm.a
LOAD C:/ST/STM32CubeIDE_1.7.0/STM32CubeIDE/plugins/com.st.stm32cube.ide.mcu.externaltools.gnu-tools-for-stm32.12.3.rel1.win32_1.1.0.202410251130/tools/bin/../lib/gcc/arm-none-eabi/12.3.1/thumb/v7-m/nofp\libgcc.a

.debug_info     0x00000000     0x85d9
 .debug_info    0x00000000      0x267 ./Core/Src/BUTTON.o
 .debug_info    0x00000267      0x27e ./Core/Src/display.o
 .debug_info    0x000004e5      0x297 ./Core/Src/fsmfortraffic.o
 .debug_info    0x0000077c      0x273 ./Core/Src/input_reading.o
 .debug_info    0x000009ef      0xbf9 ./Core/Src/main.o
 .debug_info    0x000015e8      0x121 ./Core/Src/software_timer.o
 .debug_info    0x00001709      0x91a ./Core/Src/stm32f1xx_hal_msp.o
 .debug_info    0x00002023      0x6a1 ./Core/Src/stm32f1xx_it.o
 .debug_info    0x000026c4      0x222 ./Core/Src/system_stm32f1xx.o
 .debug_info    0x000028e6       0x30 ./Core/Startup/startup_stm32f103c6ux.o
 .debug_info    0x00002916      0x6e6 ./Drivers/STM32F1xx_HAL_Driver/Src/stm32f1xx_hal.o
 .debug_info    0x00002ffc      0xa69 ./Drivers/STM32F1xx_HAL_Driver/Src/stm32f1xx_hal_cortex.o
 .debug_info    0x00003a65      0x5ab ./Drivers/STM32F1xx_HAL_Driver/Src/stm32f1xx_hal_gpio.o
 .debug_info    0x00004010      0x7d5 ./Drivers/STM32F1xx_HAL_Driver/Src/stm32f1xx_hal_rcc.o
 .debug_info    0x000047e5     0x2959 ./Drivers/STM32F1xx_HAL_Driver/Src/stm32f1xx_hal_tim.o
 .debug_info    0x0000713e     0x149b ./Drivers/STM32F1xx_HAL_Driver/Src/stm32f1xx_hal_tim_ex.o

.debug_abbrev   0x00000000     0x1c85
 .debug_abbrev  0x00000000      0x197 ./Core/Src/BUTTON.o
 .debug_abbrev  0x00000197      0x1a2 ./Core/Src/display.o
 .debug_abbrev  0x00000339      0x168 ./Core/Src/fsmfortraffic.o
 .debug_abbrev  0x000004a1      0x152 ./Core/Src/input_reading.o
 .debug_abbrev  0x000005f3      0x2ac ./Core/Src/main.o
 .debug_abbrev  0x0000089f       0xd6 ./Core/Src/software_timer.o
 .debug_abbrev  0x00000975      0x1ad ./Core/Src/stm32f1xx_hal_msp.o
 .debug_abbrev  0x00000b22      0x191 ./Core/Src/stm32f1xx_it.o
 .debug_abbrev  0x00000cb3      0x13f ./Core/Src/system_stm32f1xx.o
 .debug_abbrev  0x00000df2       0x24 ./Core/Startup/startup_stm32f103c6ux.o
 .debug_abbrev  0x00000e16      0x201 ./Drivers/STM32F1xx_HAL_Driver/Src/stm32f1xx_hal.o
 .debug_abbrev  0x00001017      0x2f8 ./Drivers/STM32F1xx_HAL_Driver/Src/stm32f1xx_hal_cortex.o
 .debug_abbrev  0x0000130f      0x1ca ./Drivers/STM32F1xx_HAL_Driver/Src/stm32f1xx_hal_gpio.o
 .debug_abbrev  0x000014d9      0x2b3 ./Drivers/STM32F1xx_HAL_Driver/Src/stm32f1xx_hal_rcc.o
 .debug_abbrev  0x0000178c      0x277 ./Drivers/STM32F1xx_HAL_Driver/Src/stm32f1xx_hal_tim.o
 .debug_abbrev  0x00001a03      0x282 ./Drivers/STM32F1xx_HAL_Driver/Src/stm32f1xx_hal_tim_ex.o

.debug_aranges  0x00000000      0xa18
 .debug_aranges
                0x00000000       0x30 ./Core/Src/BUTTON.o
 .debug_aranges
                0x00000030       0x40 ./Core/Src/display.o
 .debug_aranges
                0x00000070       0x20 ./Core/Src/fsmfortraffic.o
 .debug_aranges
                0x00000090       0x30 ./Core/Src/input_reading.o
 .debug_aranges
                0x000000c0       0x48 ./Core/Src/main.o
 .debug_aranges
                0x00000108       0x28 ./Core/Src/software_timer.o
 .debug_aranges
                0x00000130       0x30 ./Core/Src/stm32f1xx_hal_msp.o
 .debug_aranges
                0x00000160       0x68 ./Core/Src/stm32f1xx_it.o
 .debug_aranges
                0x000001c8       0x28 ./Core/Src/system_stm32f1xx.o
 .debug_aranges
                0x000001f0       0x28 ./Core/Startup/startup_stm32f103c6ux.o
 .debug_aranges
                0x00000218       0xe0 ./Drivers/STM32F1xx_HAL_Driver/Src/stm32f1xx_hal.o
 .debug_aranges
                0x000002f8      0x100 ./Drivers/STM32F1xx_HAL_Driver/Src/stm32f1xx_hal_cortex.o
 .debug_aranges
                0x000003f8       0x58 ./Drivers/STM32F1xx_HAL_Driver/Src/stm32f1xx_hal_gpio.o
 .debug_aranges
                0x00000450       0x90 ./Drivers/STM32F1xx_HAL_Driver/Src/stm32f1xx_hal_rcc.o
 .debug_aranges
                0x000004e0      0x3d0 ./Drivers/STM32F1xx_HAL_Driver/Src/stm32f1xx_hal_tim.o
 .debug_aranges
                0x000008b0      0x168 ./Drivers/STM32F1xx_HAL_Driver/Src/stm32f1xx_hal_tim_ex.o

.debug_rnglists
                0x00000000      0x7b1
 .debug_rnglists
                0x00000000       0x20 ./Core/Src/BUTTON.o
 .debug_rnglists
                0x00000020       0x2d ./Core/Src/display.o
 .debug_rnglists
                0x0000004d       0x14 ./Core/Src/fsmfortraffic.o
 .debug_rnglists
                0x00000061       0x20 ./Core/Src/input_reading.o
 .debug_rnglists
                0x00000081       0x34 ./Core/Src/main.o
 .debug_rnglists
                0x000000b5       0x19 ./Core/Src/software_timer.o
 .debug_rnglists
                0x000000ce       0x1f ./Core/Src/stm32f1xx_hal_msp.o
 .debug_rnglists
                0x000000ed       0x49 ./Core/Src/stm32f1xx_it.o
 .debug_rnglists
                0x00000136       0x1a ./Core/Src/system_stm32f1xx.o
 .debug_rnglists
                0x00000150       0x19 ./Core/Startup/startup_stm32f103c6ux.o
 .debug_rnglists
                0x00000169       0xa3 ./Drivers/STM32F1xx_HAL_Driver/Src/stm32f1xx_hal.o
 .debug_rnglists
                0x0000020c       0xbb ./Drivers/STM32F1xx_HAL_Driver/Src/stm32f1xx_hal_cortex.o
 .debug_rnglists
                0x000002c7       0x3f ./Drivers/STM32F1xx_HAL_Driver/Src/stm32f1xx_hal_gpio.o
 .debug_rnglists
                0x00000306       0x6c ./Drivers/STM32F1xx_HAL_Driver/Src/stm32f1xx_hal_rcc.o
 .debug_rnglists
                0x00000372      0x31a ./Drivers/STM32F1xx_HAL_Driver/Src/stm32f1xx_hal_tim.o
 .debug_rnglists
                0x0000068c      0x125 ./Drivers/STM32F1xx_HAL_Driver/Src/stm32f1xx_hal_tim_ex.o

.debug_macro    0x00000000    0x16db6
 .debug_macro   0x00000000      0x1f7 ./Core/Src/BUTTON.o
 .debug_macro   0x000001f7      0xaa8 ./Core/Src/BUTTON.o
 .debug_macro   0x00000c9f      0x215 ./Core/Src/BUTTON.o
 .debug_macro   0x00000eb4       0x2e ./Core/Src/BUTTON.o
 .debug_macro   0x00000ee2       0x22 ./Core/Src/BUTTON.o
 .debug_macro   0x00000f04       0x22 ./Core/Src/BUTTON.o
 .debug_macro   0x00000f26       0x8e ./Core/Src/BUTTON.o
 .debug_macro   0x00000fb4       0x51 ./Core/Src/BUTTON.o
 .debug_macro   0x00001005      0x103 ./Core/Src/BUTTON.o
 .debug_macro   0x00001108       0x6a ./Core/Src/BUTTON.o
 .debug_macro   0x00001172      0x1df ./Core/Src/BUTTON.o
 .debug_macro   0x00001351       0x1c ./Core/Src/BUTTON.o
 .debug_macro   0x0000136d       0x22 ./Core/Src/BUTTON.o
 .debug_macro   0x0000138f       0xbd ./Core/Src/BUTTON.o
 .debug_macro   0x0000144c      0xd23 ./Core/Src/BUTTON.o
 .debug_macro   0x0000216f     0xde75 ./Core/Src/BUTTON.o
 .debug_macro   0x0000ffe4       0x6d ./Core/Src/BUTTON.o
 .debug_macro   0x00010051     0x34a2 ./Core/Src/BUTTON.o
 .debug_macro   0x000134f3      0x189 ./Core/Src/BUTTON.o
 .debug_macro   0x0001367c       0x5c ./Core/Src/BUTTON.o
 .debug_macro   0x000136d8      0x5bc ./Core/Src/BUTTON.o
 .debug_macro   0x00013c94      0x1b7 ./Core/Src/BUTTON.o
 .debug_macro   0x00013e4b      0x1cb ./Core/Src/BUTTON.o
 .debug_macro   0x00014016      0x114 ./Core/Src/BUTTON.o
 .debug_macro   0x0001412a      0x1b2 ./Core/Src/BUTTON.o
 .debug_macro   0x000142dc       0x27 ./Core/Src/BUTTON.o
 .debug_macro   0x00014303      0x12f ./Core/Src/BUTTON.o
 .debug_macro   0x00014432      0x1bc ./Core/Src/BUTTON.o
 .debug_macro   0x000145ee       0x34 ./Core/Src/BUTTON.o
 .debug_macro   0x00014622       0x3c ./Core/Src/BUTTON.o
 .debug_macro   0x0001465e       0x57 ./Core/Src/BUTTON.o
 .debug_macro   0x000146b5       0x87 ./Core/Src/BUTTON.o
 .debug_macro   0x0001473c      0x183 ./Core/Src/BUTTON.o
 .debug_macro   0x000148bf      0x140 ./Core/Src/BUTTON.o
 .debug_macro   0x000149ff      0x8ed ./Core/Src/BUTTON.o
 .debug_macro   0x000152ec       0x69 ./Core/Src/BUTTON.o
 .debug_macro   0x00015355       0xf4 ./Core/Src/BUTTON.o
 .debug_macro   0x00015449       0x10 ./Core/Src/BUTTON.o
 .debug_macro   0x00015459       0x40 ./Core/Src/BUTTON.o
 .debug_macro   0x00015499       0x16 ./Core/Src/BUTTON.o
 .debug_macro   0x000154af      0x1fd ./Core/Src/display.o
 .debug_macro   0x000156ac       0x1c ./Core/Src/display.o
 .debug_macro   0x000156c8      0x1f7 ./Core/Src/fsmfortraffic.o
 .debug_macro   0x000158bf       0x3a ./Core/Src/fsmfortraffic.o
 .debug_macro   0x000158f9      0x1be ./Core/Src/input_reading.o
 .debug_macro   0x00015ab7      0x1f1 ./Core/Src/main.o
 .debug_macro   0x00015ca8      0x1f5 ./Core/Src/software_timer.o
 .debug_macro   0x00015e9d      0x1a6 ./Core/Src/stm32f1xx_hal_msp.o
 .debug_macro   0x00016043      0x1b0 ./Core/Src/stm32f1xx_it.o
 .debug_macro   0x000161f3      0x197 ./Core/Src/system_stm32f1xx.o
 .debug_macro   0x0001638a      0x1bb ./Drivers/STM32F1xx_HAL_Driver/Src/stm32f1xx_hal.o
 .debug_macro   0x00016545      0x197 ./Drivers/STM32F1xx_HAL_Driver/Src/stm32f1xx_hal_cortex.o
 .debug_macro   0x000166dc      0x202 ./Drivers/STM32F1xx_HAL_Driver/Src/stm32f1xx_hal_gpio.o
 .debug_macro   0x000168de      0x1a9 ./Drivers/STM32F1xx_HAL_Driver/Src/stm32f1xx_hal_rcc.o
 .debug_macro   0x00016a87      0x198 ./Drivers/STM32F1xx_HAL_Driver/Src/stm32f1xx_hal_tim.o
 .debug_macro   0x00016c1f      0x197 ./Drivers/STM32F1xx_HAL_Driver/Src/stm32f1xx_hal_tim_ex.o

.debug_line     0x00000000     0xc12d
 .debug_line    0x00000000      0x801 ./Core/Src/BUTTON.o
 .debug_line    0x00000801      0x7e9 ./Core/Src/display.o
 .debug_line    0x00000fea      0x92e ./Core/Src/fsmfortraffic.o
 .debug_line    0x00001918      0x789 ./Core/Src/input_reading.o
 .debug_line    0x000020a1      0x88c ./Core/Src/main.o
 .debug_line    0x0000292d      0x795 ./Core/Src/software_timer.o
 .debug_line    0x000030c2      0x71d ./Core/Src/stm32f1xx_hal_msp.o
 .debug_line    0x000037df      0x7bb ./Core/Src/stm32f1xx_it.o
 .debug_line    0x00003f9a      0x75f ./Core/Src/system_stm32f1xx.o
 .debug_line    0x000046f9       0x78 ./Core/Startup/startup_stm32f103c6ux.o
 .debug_line    0x00004771      0x98c ./Drivers/STM32F1xx_HAL_Driver/Src/stm32f1xx_hal.o
 .debug_line    0x000050fd      0xb78 ./Drivers/STM32F1xx_HAL_Driver/Src/stm32f1xx_hal_cortex.o
 .debug_line    0x00005c75      0xa10 ./Drivers/STM32F1xx_HAL_Driver/Src/stm32f1xx_hal_gpio.o
 .debug_line    0x00006685      0xd95 ./Drivers/STM32F1xx_HAL_Driver/Src/stm32f1xx_hal_rcc.o
 .debug_line    0x0000741a     0x3468 ./Drivers/STM32F1xx_HAL_Driver/Src/stm32f1xx_hal_tim.o
 .debug_line    0x0000a882     0x18ab ./Drivers/STM32F1xx_HAL_Driver/Src/stm32f1xx_hal_tim_ex.o

.debug_str      0x00000000    0x825a8
 .debug_str     0x00000000    0x7f921 ./Core/Src/BUTTON.o
                              0x7fc6a (size before relaxing)
 .debug_str     0x0007f921       0x97 ./Core/Src/display.o
                              0x7fc71 (size before relaxing)
 .debug_str     0x0007f9b8       0xbc ./Core/Src/fsmfortraffic.o
                              0x7fce4 (size before relaxing)
 .debug_str     0x0007fa74      0x124 ./Core/Src/input_reading.o
                              0x7fbc8 (size before relaxing)
 .debug_str     0x0007fb98      0x7a0 ./Core/Src/main.o
                              0x804ad (size before relaxing)
 .debug_str     0x00080338       0x32 ./Core/Src/software_timer.o
                              0x7fbc9 (size before relaxing)
 .debug_str     0x0008036a      0x300 ./Core/Src/stm32f1xx_hal_msp.o
                              0x8028b (size before relaxing)
 .debug_str     0x0008066a       0xec ./Core/Src/stm32f1xx_it.o
                              0x7ffc6 (size before relaxing)
 .debug_str     0x00080756       0x7e ./Core/Src/system_stm32f1xx.o
                              0x7f725 (size before relaxing)
 .debug_str     0x000807d4       0x44 ./Core/Startup/startup_stm32f103c6ux.o
                                 0x61 (size before relaxing)
 .debug_str     0x00080818      0x38e ./Drivers/STM32F1xx_HAL_Driver/Src/stm32f1xx_hal.o
                              0x7fe1e (size before relaxing)
 .debug_str     0x00080ba6      0x294 ./Drivers/STM32F1xx_HAL_Driver/Src/stm32f1xx_hal_cortex.o
                              0x7fd6a (size before relaxing)
 .debug_str     0x00080e3a      0x2d2 ./Drivers/STM32F1xx_HAL_Driver/Src/stm32f1xx_hal_gpio.o
                              0x7faab (size before relaxing)
 .debug_str     0x0008110c      0x229 ./Drivers/STM32F1xx_HAL_Driver/Src/stm32f1xx_hal_rcc.o
                              0x7fb54 (size before relaxing)
 .debug_str     0x00081335      0xde0 ./Drivers/STM32F1xx_HAL_Driver/Src/stm32f1xx_hal_tim.o
                              0x80b56 (size before relaxing)
 .debug_str     0x00082115      0x493 ./Drivers/STM32F1xx_HAL_Driver/Src/stm32f1xx_hal_tim_ex.o
                              0x80362 (size before relaxing)

.comment        0x00000000       0x43
 .comment       0x00000000       0x43 ./Core/Src/BUTTON.o
                                 0x44 (size before relaxing)
 .comment       0x00000043       0x44 ./Core/Src/display.o
 .comment       0x00000043       0x44 ./Core/Src/fsmfortraffic.o
 .comment       0x00000043       0x44 ./Core/Src/input_reading.o
 .comment       0x00000043       0x44 ./Core/Src/main.o
 .comment       0x00000043       0x44 ./Core/Src/software_timer.o
 .comment       0x00000043       0x44 ./Core/Src/stm32f1xx_hal_msp.o
 .comment       0x00000043       0x44 ./Core/Src/stm32f1xx_it.o
 .comment       0x00000043       0x44 ./Core/Src/system_stm32f1xx.o
 .comment       0x00000043       0x44 ./Drivers/STM32F1xx_HAL_Driver/Src/stm32f1xx_hal.o
 .comment       0x00000043       0x44 ./Drivers/STM32F1xx_HAL_Driver/Src/stm32f1xx_hal_cortex.o
 .comment       0x00000043       0x44 ./Drivers/STM32F1xx_HAL_Driver/Src/stm32f1xx_hal_gpio.o
 .comment       0x00000043       0x44 ./Drivers/STM32F1xx_HAL_Driver/Src/stm32f1xx_hal_rcc.o
 .comment       0x00000043       0x44 ./Drivers/STM32F1xx_HAL_Driver/Src/stm32f1xx_hal_tim.o
 .comment       0x00000043       0x44 ./Drivers/STM32F1xx_HAL_Driver/Src/stm32f1xx_hal_tim_ex.o

.debug_frame    0x00000000     0x2810
 .debug_frame   0x00000000       0x84 ./Core/Src/BUTTON.o
 .debug_frame   0x00000084       0xb4 ./Core/Src/display.o
 .debug_frame   0x00000138       0x2c ./Core/Src/fsmfortraffic.o
 .debug_frame   0x00000164       0x88 ./Core/Src/input_reading.o
 .debug_frame   0x000001ec       0xd4 ./Core/Src/main.o
 .debug_frame   0x000002c0       0x60 ./Core/Src/software_timer.o
 .debug_frame   0x00000320       0x80 ./Core/Src/stm32f1xx_hal_msp.o
 .debug_frame   0x000003a0      0x120 ./Core/Src/stm32f1xx_it.o
 .debug_frame   0x000004c0       0x58 ./Core/Src/system_stm32f1xx.o
 .debug_frame   0x00000518      0x334 ./Drivers/STM32F1xx_HAL_Driver/Src/stm32f1xx_hal.o
 .debug_frame   0x0000084c      0x428 ./Drivers/STM32F1xx_HAL_Driver/Src/stm32f1xx_hal_cortex.o
 .debug_frame   0x00000c74      0x14c ./Drivers/STM32F1xx_HAL_Driver/Src/stm32f1xx_hal_gpio.o
 .debug_frame   0x00000dc0      0x218 ./Drivers/STM32F1xx_HAL_Driver/Src/stm32f1xx_hal_rcc.o
 .debug_frame   0x00000fd8     0x11b4 ./Drivers/STM32F1xx_HAL_Driver/Src/stm32f1xx_hal_tim.o
 .debug_frame   0x0000218c      0x638 ./Drivers/STM32F1xx_HAL_Driver/Src/stm32f1xx_hal_tim_ex.o
 .debug_frame   0x000027c4       0x20 C:/ST/STM32CubeIDE_1.7.0/STM32CubeIDE/plugins/com.st.stm32cube.ide.mcu.externaltools.gnu-tools-for-stm32.12.3.rel1.win32_1.1.0.202410251130/tools/bin/../lib/gcc/arm-none-eabi/12.3.1/../../../../arm-none-eabi/lib/thumb/v7-m/nofp\libc_nano.a(libc_a-memset.o)
 .debug_frame   0x000027e4       0x2c C:/ST/STM32CubeIDE_1.7.0/STM32CubeIDE/plugins/com.st.stm32cube.ide.mcu.externaltools.gnu-tools-for-stm32.12.3.rel1.win32_1.1.0.202410251130/tools/bin/../lib/gcc/arm-none-eabi/12.3.1/../../../../arm-none-eabi/lib/thumb/v7-m/nofp\libc_nano.a(libc_a-init.o)

.debug_line_str
                0x00000000       0x45
 .debug_line_str
                0x00000000       0x45 ./Core/Startup/startup_stm32f103c6ux.o
